Partition Merge report for Data_Display
Mon May 09 04:22:16 2016
Quartus Prime Version 15.1.0 Build 185 10/21/2015 SJ Lite Edition


---------------------
; Table of Contents ;
---------------------
  1. Legal Notice
  2. Partition Merge Summary
  3. Partition Merge Netlist Types Used
  4. Partition Merge Partition Statistics
  5. Partition Merge Partition Pin Processing
  6. Partition Merge Resource Usage Summary
  7. Partition Merge Messages



----------------
; Legal Notice ;
----------------
Copyright (C) 1991-2015 Altera Corporation. All rights reserved.
Your use of Altera Corporation's design tools, logic functions 
and other software and tools, and its AMPP partner logic 
functions, and any output files from any of the foregoing 
(including device programming or simulation files), and any 
associated documentation or information are expressly subject 
to the terms and conditions of the Altera Program License 
Subscription Agreement, the Altera Quartus Prime License Agreement,
the Altera MegaCore Function License Agreement, or other 
applicable license agreement, including, without limitation, 
that your use is for the sole purpose of programming logic 
devices manufactured by Altera and sold by Altera or its 
authorized distributors.  Please refer to the applicable 
agreement for further details.



+----------------------------------------------------------------------------------+
; Partition Merge Summary                                                          ;
+------------------------------------+---------------------------------------------+
; Partition Merge Status             ; Successful - Mon May 09 04:22:16 2016       ;
; Quartus Prime Version              ; 15.1.0 Build 185 10/21/2015 SJ Lite Edition ;
; Revision Name                      ; Data_Display                                ;
; Top-level Entity Name              ; Data_Display                                ;
; Family                             ; Cyclone IV E                                ;
; Total logic elements               ; 249                                         ;
;     Total combinational functions  ; 248                                         ;
;     Dedicated logic registers      ; 117                                         ;
; Total registers                    ; 117                                         ;
; Total pins                         ; 15                                          ;
; Total virtual pins                 ; 0                                           ;
; Total memory bits                  ; 0                                           ;
; Embedded Multiplier 9-bit elements ; 0                                           ;
; Total PLLs                         ; 0                                           ;
+------------------------------------+---------------------------------------------+


+-------------------------------------------------------------------------------------------------------------------------------+
; Partition Merge Netlist Types Used                                                                                            ;
+--------------------------------+----------------+-------------------+------------------------+--------------------------------+
; Partition Name                 ; Partition Type ; Netlist Type Used ; Netlist Type Requested ; Partition Contents             ;
+--------------------------------+----------------+-------------------+------------------------+--------------------------------+
; Top                            ; User-created   ; Source File       ; Source File            ;                                ;
; hard_block:auto_generated_inst ; Auto-generated ; Source File       ; Source File            ; hard_block:auto_generated_inst ;
+--------------------------------+----------------+-------------------+------------------------+--------------------------------+


+-------------------------------------------------------------------------------------+
; Partition Merge Partition Statistics                                                ;
+---------------------------------------------+------+--------------------------------+
; Statistic                                   ; Top  ; hard_block:auto_generated_inst ;
+---------------------------------------------+------+--------------------------------+
; Estimated Total logic elements              ; 249  ; 0                              ;
;                                             ;      ;                                ;
; Total combinational functions               ; 248  ; 0                              ;
; Logic element usage by number of LUT inputs ;      ;                                ;
;     -- 4 input functions                    ; 133  ; 0                              ;
;     -- 3 input functions                    ; 31   ; 0                              ;
;     -- <=2 input functions                  ; 84   ; 0                              ;
;                                             ;      ;                                ;
; Logic elements by mode                      ;      ;                                ;
;     -- normal mode                          ; 193  ; 0                              ;
;     -- arithmetic mode                      ; 55   ; 0                              ;
;                                             ;      ;                                ;
; Total registers                             ; 117  ; 0                              ;
;     -- Dedicated logic registers            ; 117  ; 0                              ;
;     -- I/O registers                        ; 0    ; 0                              ;
;                                             ;      ;                                ;
; Virtual pins                                ; 0    ; 0                              ;
; I/O pins                                    ; 15   ; 0                              ;
; Embedded Multiplier 9-bit elements          ; 0    ; 0                              ;
; Total memory bits                           ; 0    ; 0                              ;
; Total RAM block bits                        ; 0    ; 0                              ;
;                                             ;      ;                                ;
; Connections                                 ;      ;                                ;
;     -- Input Connections                    ; 1    ; 0                              ;
;     -- Registered Input Connections         ; 0    ; 0                              ;
;     -- Output Connections                   ; 1    ; 0                              ;
;     -- Registered Output Connections        ; 0    ; 0                              ;
;                                             ;      ;                                ;
; Internal Connections                        ;      ;                                ;
;     -- Total Connections                    ; 1243 ; 0                              ;
;     -- Registered Connections               ; 570  ; 0                              ;
;                                             ;      ;                                ;
; External Connections                        ;      ;                                ;
;     -- Top                                  ; 2    ; 0                              ;
;     -- hard_block:auto_generated_inst       ; 0    ; 0                              ;
;                                             ;      ;                                ;
; Partition Interface                         ;      ;                                ;
;     -- Input Ports                          ; 2    ; 0                              ;
;     -- Output Ports                         ; 12   ; 0                              ;
;     -- Bidir Ports                          ; 1    ; 0                              ;
;                                             ;      ;                                ;
; Registered Ports                            ;      ;                                ;
;     -- Registered Input Ports               ; 0    ; 0                              ;
;     -- Registered Output Ports              ; 0    ; 0                              ;
;                                             ;      ;                                ;
; Port Connectivity                           ;      ;                                ;
;     -- Input Ports driven by GND            ; 0    ; 0                              ;
;     -- Output Ports driven by GND           ; 0    ; 0                              ;
;     -- Input Ports driven by VCC            ; 0    ; 0                              ;
;     -- Output Ports driven by VCC           ; 0    ; 0                              ;
;     -- Input Ports with no Source           ; 0    ; 0                              ;
;     -- Output Ports with no Source          ; 0    ; 0                              ;
;     -- Input Ports with no Fanout           ; 0    ; 0                              ;
;     -- Output Ports with no Fanout          ; 0    ; 0                              ;
+---------------------------------------------+------+--------------------------------+
Note: Resource usage numbers presented for Partitions containing post-synthesis logic are estimates.  For Partitions containing post-fit logic, resource usage numbers are accurate based on previous placement information.  Actual Fitter results may vary depending on current Fitter Preservation Level assignments.


+---------------------------------------------------------------------------------------------------------------+
; Partition Merge Partition Pin Processing                                                                      ;
+---------------------------+-----------+---------------+----------+--------------------------------------------+
; Name                      ; Partition ; Type          ; Location ; Status                                     ;
+---------------------------+-----------+---------------+----------+--------------------------------------------+
; LCD_DATA[0]               ; Top       ; Output Port   ; n/a      ;                                            ;
;     -- LCD_DATA[0]        ; Top       ; Output Pad    ; Unplaced ; Synthesized                                ;
;     -- LCD_DATA[0]~output ; Top       ; Output Buffer ; Unplaced ; Synthesized                                ;
;                           ;           ;               ;          ;                                            ;
; LCD_DATA[1]               ; Top       ; Output Port   ; n/a      ;                                            ;
;     -- LCD_DATA[1]        ; Top       ; Output Pad    ; Unplaced ; Synthesized                                ;
;     -- LCD_DATA[1]~output ; Top       ; Output Buffer ; Unplaced ; Synthesized                                ;
;                           ;           ;               ;          ;                                            ;
; LCD_DATA[2]               ; Top       ; Output Port   ; n/a      ;                                            ;
;     -- LCD_DATA[2]        ; Top       ; Output Pad    ; Unplaced ; Synthesized                                ;
;     -- LCD_DATA[2]~output ; Top       ; Output Buffer ; Unplaced ; Synthesized                                ;
;                           ;           ;               ;          ;                                            ;
; LCD_DATA[3]               ; Top       ; Output Port   ; n/a      ;                                            ;
;     -- LCD_DATA[3]        ; Top       ; Output Pad    ; Unplaced ; Synthesized                                ;
;     -- LCD_DATA[3]~output ; Top       ; Output Buffer ; Unplaced ; Synthesized                                ;
;                           ;           ;               ;          ;                                            ;
; LCD_DATA[4]               ; Top       ; Output Port   ; n/a      ;                                            ;
;     -- LCD_DATA[4]        ; Top       ; Output Pad    ; Unplaced ; Synthesized                                ;
;     -- LCD_DATA[4]~output ; Top       ; Output Buffer ; Unplaced ; Synthesized                                ;
;                           ;           ;               ;          ;                                            ;
; LCD_DATA[5]               ; Top       ; Output Port   ; n/a      ;                                            ;
;     -- LCD_DATA[5]        ; Top       ; Output Pad    ; Unplaced ; Synthesized                                ;
;     -- LCD_DATA[5]~output ; Top       ; Output Buffer ; Unplaced ; Synthesized                                ;
;                           ;           ;               ;          ;                                            ;
; LCD_DATA[6]               ; Top       ; Output Port   ; n/a      ;                                            ;
;     -- LCD_DATA[6]        ; Top       ; Output Pad    ; Unplaced ; Synthesized                                ;
;     -- LCD_DATA[6]~output ; Top       ; Output Buffer ; Unplaced ; Synthesized                                ;
;                           ;           ;               ;          ;                                            ;
; LCD_DATA[7]               ; Top       ; Output Port   ; n/a      ;                                            ;
;     -- LCD_DATA[7]        ; Top       ; Output Pad    ; Unplaced ; Synthesized                                ;
;     -- LCD_DATA[7]~output ; Top       ; Output Buffer ; Unplaced ; Synthesized                                ;
;                           ;           ;               ;          ;                                            ;
; LCD_EN                    ; Top       ; Output Port   ; n/a      ;                                            ;
;     -- LCD_EN             ; Top       ; Output Pad    ; Unplaced ; Synthesized                                ;
;     -- LCD_EN~output      ; Top       ; Output Buffer ; Unplaced ; Synthesized                                ;
;                           ;           ;               ;          ;                                            ;
; LCD_RS                    ; Top       ; Output Port   ; n/a      ;                                            ;
;     -- LCD_RS             ; Top       ; Output Pad    ; Unplaced ; Synthesized                                ;
;     -- LCD_RS~output      ; Top       ; Output Buffer ; Unplaced ; Synthesized                                ;
;                           ;           ;               ;          ;                                            ;
; LCD_RW                    ; Top       ; Output Port   ; n/a      ;                                            ;
;     -- LCD_RW             ; Top       ; Output Pad    ; Unplaced ; Synthesized                                ;
;     -- LCD_RW~output      ; Top       ; Output Buffer ; Unplaced ; Synthesized                                ;
;                           ;           ;               ;          ;                                            ;
; clk                       ; Top       ; Input Port    ; n/a      ;                                            ;
;     -- clk                ; Top       ; Input Pad     ; Unplaced ; Synthesized                                ;
;     -- clk~input          ; Top       ; Input Buffer  ; Unplaced ; Synthesized                                ;
;                           ;           ;               ;          ;                                            ;
; rst_n                     ; Top       ; Input Port    ; n/a      ;                                            ;
;     -- rst_n              ; Top       ; Input Pad     ; Unplaced ; Synthesized                                ;
;     -- rst_n~input        ; Top       ; Input Buffer  ; Unplaced ; Synthesized                                ;
;                           ;           ;               ;          ;                                            ;
; scl                       ; Top       ; Output Port   ; n/a      ;                                            ;
;     -- scl                ; Top       ; Output Pad    ; Unplaced ; Synthesized                                ;
;     -- scl~output         ; Top       ; Output Buffer ; Unplaced ; Synthesized                                ;
;                           ;           ;               ;          ;                                            ;
; sda                       ; Top       ; Bidir Port    ; n/a      ;                                            ;
;     -- sda                ; Top       ; Bidir Pad     ; Unplaced ; Synthesized                                ;
;     -- sda~output         ; Top       ; Output Buffer ; Unplaced ; Preserved from Synthesis Netlist (WYSIWYG) ;
;                           ;           ;               ;          ;                                            ;
+---------------------------+-----------+---------------+----------+--------------------------------------------+


+---------------------------------------------------------+
; Partition Merge Resource Usage Summary                  ;
+---------------------------------------------+-----------+
; Resource                                    ; Usage     ;
+---------------------------------------------+-----------+
; Estimated Total logic elements              ; 249       ;
;                                             ;           ;
; Total combinational functions               ; 248       ;
; Logic element usage by number of LUT inputs ;           ;
;     -- 4 input functions                    ; 133       ;
;     -- 3 input functions                    ; 31        ;
;     -- <=2 input functions                  ; 84        ;
;                                             ;           ;
; Logic elements by mode                      ;           ;
;     -- normal mode                          ; 193       ;
;     -- arithmetic mode                      ; 55        ;
;                                             ;           ;
; Total registers                             ; 117       ;
;     -- Dedicated logic registers            ; 117       ;
;     -- I/O registers                        ; 0         ;
;                                             ;           ;
; I/O pins                                    ; 15        ;
;                                             ;           ;
; Embedded Multiplier 9-bit elements          ; 0         ;
;                                             ;           ;
; Maximum fan-out node                        ; clk~input ;
; Maximum fan-out                             ; 117       ;
; Total fan-out                               ; 1243      ;
; Average fan-out                             ; 3.14      ;
+---------------------------------------------+-----------+


+--------------------------+
; Partition Merge Messages ;
+--------------------------+
Info: *******************************************************************
Info: Running Quartus Prime Partition Merge
    Info: Version 15.1.0 Build 185 10/21/2015 SJ Lite Edition
    Info: Processing started: Mon May 09 04:22:16 2016
Info: Command: quartus_cdb --read_settings_files=off --write_settings_files=off Beat_Dude -c Data_Display --merge=on
Critical Warning (138067): Current license file does not support incremental compilation. The Quartus Prime software removes all the user-specified design partitions in the design automatically.
Info (35007): Using synthesis netlist for partition "Top"
Info (35002): Resolved and merged 1 partition(s)
Info (16010): Generating hard_block partition "hard_block:auto_generated_inst"
    Info (16011): Adding 0 node(s), including 0 DDIO, 0 PLL, 0 transceiver and 0 LCELL
Critical Warning (138067): Current license file does not support incremental compilation. The Quartus Prime software removes all the user-specified design partitions in the design automatically.
Info (21057): Implemented 265 device resources after synthesis - the final resource count might be different
    Info (21058): Implemented 2 input pins
    Info (21059): Implemented 12 output pins
    Info (21060): Implemented 1 bidirectional pins
    Info (21061): Implemented 250 logic cells
Info: Quartus Prime Partition Merge was successful. 0 errors, 2 warnings
    Info: Peak virtual memory: 777 megabytes
    Info: Processing ended: Mon May 09 04:22:16 2016
    Info: Elapsed time: 00:00:00
    Info: Total CPU time (on all processors): 00:00:01


